// Jest Snapshot v1, https://goo.gl/fbAQLP

exports[`PageHeader Component Matches the snapshot 1`] = `
.c0 {
  padding: 2rem 1rem 0.5rem;
  margin: 0 auto;
  display: -webkit-box;
  display: -webkit-flex;
  display: -ms-flexbox;
  display: flex;
}

<div
  className="c0"
>
  <span>
    Test page header
  </span>
</div>
`;
