// Jest Snapshot v1, https://goo.gl/fbAQLP

exports[`SelectedButton Component Matches the snapshot 1`] = `
.c0 {
  border-radius: 5px;
  display: block;
  text-align: center;
  cursor: pointer;
  background: transparent;
  color: #FAFAFA;
  border: 2px solid #FFC82C;
}

.c0:hover {
  background: #FFC82C;
  color: #2A293B;
}

.c0 span {
  display: block;
  padding: 0.2rem 0.5rem;
}

<span
  className="c0"
>
  <span
    item={1}
    onClick={[Function]}
  >
    Selected test
  </span>
</span>
`;
